2025-04-15 12:42:47.620644: Failed to connect to MySQL after 2 attempts. Last error: 2002: Can't connect to local MySQL server through socket '%-.100s' (%s) (Warning: not all arguments converted during string formatting)
2025-04-15 12:45:17.007748: Failed to connect to MySQL after 2 attempts. Last error: 2002: Can't connect to local MySQL server through socket '%-.100s' (%s) (Warning: not all arguments converted during string formatting)
2025-04-15 16:13:12.464626: Failed to connect to MySQL after 2 attempts. Last error: 2002: Can't connect to local MySQL server through socket '%-.100s' (%s) (Warning: not all arguments converted during string formatting)
2025-04-15 17:26:02.846537: Failed to connect to MySQL after 2 attempts. Last error: 2002: Can't connect to local MySQL server through socket '%-.100s' (%s) (Warning: not all arguments converted during string formatting)
2025-04-15 17:44:19.684938: Failed to connect to MySQL after 2 attempts. Last error: 2002: Can't connect to local MySQL server through socket '%-.100s' (%s) (Warning: not all arguments converted during string formatting)
2025-04-15 17:44:43.782742: Failed to connect to MySQL after 2 attempts. Last error: 2002: Can't connect to local MySQL server through socket '%-.100s' (%s) (Warning: not all arguments converted during string formatting)
2025-04-15 18:14:50.117791: Failed to connect to MySQL after 2 attempts. Last error: 2002: Can't connect to local MySQL server through socket '%-.100s' (%s) (Warning: not all arguments converted during string formatting)
2025-04-15 21:02:20.763456: Failed to connect to MySQL after 3 attempts. Last error: 2002: Can't connect to local MySQL server through socket '%-.100s' (%s) (Warning: not all arguments converted during string formatting)
2025-04-15 21:02:28.251849: Failed to connect to MySQL after 3 attempts. Last error: 2002: Can't connect to local MySQL server through socket '%-.100s' (%s) (Warning: not all arguments converted during string formatting)
2025-04-15 21:02:29.647581: Failed to connect to MySQL after 3 attempts. Last error: 2002: Can't connect to local MySQL server through socket '%-.100s' (%s) (Warning: not all arguments converted during string formatting)
2025-04-15 21:03:01.983386: Failed to connect to MySQL after 3 attempts. Last error: 2002: Can't connect to local MySQL server through socket '%-.100s' (%s) (Warning: not all arguments converted during string formatting)
2025-04-15 21:08:12.331335: Failed to connect to MySQL after 3 attempts. Last error: 2002: Can't connect to local MySQL server through socket '%-.100s' (%s) (Warning: not all arguments converted during string formatting)
2025-04-15 22:21:09.729700: Failed to connect to MySQL after 3 attempts. Last error: 2002: Can't connect to local MySQL server through socket '%-.100s' (%s) (Warning: not all arguments converted during string formatting)
2025-04-15 22:29:05.908320: Failed to connect to MySQL after 3 attempts. Last error: 2002: Can't connect to local MySQL server through socket '%-.100s' (%s) (Warning: not all arguments converted during string formatting)
2025-04-15 22:35:12.148177: Failed to connect to MySQL after 3 attempts. Last error: 2002: Can't connect to local MySQL server through socket '%-.100s' (%s) (Warning: not all arguments converted during string formatting)
2025-04-15 22:35:38.067388: Failed to connect to MySQL after 3 attempts. Last error: 2002: Can't connect to local MySQL server through socket '%-.100s' (%s) (Warning: not all arguments converted during string formatting)
2025-04-15 22:48:58.980159: Failed to connect to MySQL after 3 attempts. Last error: 2002: Can't connect to local MySQL server through socket '%-.100s' (%s) (Warning: not all arguments converted during string formatting)
2025-04-15 22:58:39.747151: Failed to connect to MySQL after 3 attempts. Last error: 2002: Can't connect to local MySQL server through socket '%-.100s' (%s) (Warning: not all arguments converted during string formatting)
2025-04-15 22:59:19.882892: Failed to connect to MySQL after 3 attempts. Last error: 2002: Can't connect to local MySQL server through socket '%-.100s' (%s) (Warning: not all arguments converted during string formatting)
2025-04-24 16:43:42.886308: Failed to connect to MySQL after 3 attempts. Last error: 2002: Can't connect to local MySQL server through socket '%-.100s' (%s) (Warning: not all arguments converted during string formatting)
2025-04-24 16:43:44.128484: Failed to connect to MySQL after 3 attempts. Last error: 2002: Can't connect to local MySQL server through socket '%-.100s' (%s) (Warning: not all arguments converted during string formatting)
2025-04-24 16:43:45.981267: Failed to connect to MySQL after 3 attempts. Last error: 2002: Can't connect to local MySQL server through socket '%-.100s' (%s) (Warning: not all arguments converted during string formatting)
2025-04-24 16:44:13.953953: Failed to connect to MySQL after 3 attempts. Last error: 2002: Can't connect to local MySQL server through socket '%-.100s' (%s) (Warning: not all arguments converted during string formatting)
2025-04-30 17:44:05.156854: Failed to connect to MySQL after 3 attempts. Last error: 2002: Can't connect to local MySQL server through socket '%-.100s' (%s) (Warning: not all arguments converted during string formatting)
2025-05-07 15:21:01.934485: Failed to connect to MySQL after 3 attempts. Last error: 2002: Can't connect to local MySQL server through socket '%-.100s' (%s) (Warning: not all arguments converted during string formatting)
2025-05-15 17:07:12.568090: Failed to connect to MySQL after 3 attempts. Last error: 2002: Can't connect to local MySQL server through socket '%-.100s' (%s) (Warning: not all arguments converted during string formatting)
2025-05-15 17:16:05.243999: Failed to connect to MySQL after 3 attempts. Last error: 3024: 
    The Read Operation timed out. As a consequence the current connection has been closed to avoid
    any unstable behaviour, consider using the reconnect() option and continue with the current
    session's workflow.
    
2025-05-15 17:16:41.286197: Failed to connect to MySQL after 3 attempts. Last error: 3024: 
    The Read Operation timed out. As a consequence the current connection has been closed to avoid
    any unstable behaviour, consider using the reconnect() option and continue with the current
    session's workflow.
    
2025-05-15 17:17:02.033700: Failed to connect to MySQL after 3 attempts. Last error: 2002: Can't connect to local MySQL server through socket '%-.100s' (%s) (Warning: not all arguments converted during string formatting)
2025-05-15 17:17:14.170502: Failed to connect to MySQL after 3 attempts. Last error: 2002: Can't connect to local MySQL server through socket '%-.100s' (%s) (Warning: not all arguments converted during string formatting)
